QuestaSim-64 vlog 10.7c Compiler 2018.08 Aug 17 2018
Start time: 15:13:19 on Jul 11,2026
vlog -work work -l ../logs/compile.log ../rtl/counter.sv ../tb/counter_tb.sv 
-- Compiling module counter
-- Compiling module counter_tb

Top level modules:
	counter_tb
End time: 15:13:20 on Jul 11,2026, Elapsed time: 0:00:01
Errors: 0, Warnings: 0
